{
  "version": "1.5.0",
  "plugins_used": [
    {
      "name": "ArtifactoryDetector"
    },
    {
      "name": "AWSKeyDetector"
    },
    {
      "name": "AzureStorageKeyDetector"
    },
    {
      "name": "Base64HighEntropyString",
      "limit": 4.5
    },
    {
      "name": "BasicAuthDetector"
    },
    {
      "name": "CloudantDetector"
    },
    {
      "name": "DiscordBotTokenDetector"
    },
    {
      "name": "GitHubTokenDetector"
    },
    {
      "name": "GitLabTokenDetector"
    },
    {
      "name": "HexHighEntropyString",
      "limit": 3.0
    },
    {
      "name": "IbmCloudIamDetector"
    },
    {
      "name": "IbmCosHmacDetector"
    },
    {
      "name": "IPPublicDetector"
    },
    {
      "name": "JwtTokenDetector"
    },
    {
      "name": "KeywordDetector",
      "keyword_exclude": ""
    },
    {
      "name": "MailchimpDetector"
    },
    {
      "name": "NpmDetector"
    },
    {
      "name": "OpenAIDetector"
    },
    {
      "name": "PrivateKeyDetector"
    },
    {
      "name": "PypiTokenDetector"
    },
    {
      "name": "SendGridDetector"
    },
    {
      "name": "SlackDetector"
    },
    {
      "name": "SoftlayerDetector"
    },
    {
      "name": "SquareOAuthDetector"
    },
    {
      "name": "StripeDetector"
    },
    {
      "name": "TelegramBotTokenDetector"
    },
    {
      "name": "TwilioKeyDetector"
    }
  ],
  "filters_used": [
    {
      "path": "detect_secrets.filters.allowlist.is_line_allowlisted"
    },
    {
      "path": "detect_secrets.filters.common.is_baseline_file",
      "filename": ".secrets.baseline"
    },
    {
      "path": "detect_secrets.filters.common.is_ignored_due_to_verification_policies",
      "min_level": 2
    },
    {
      "path": "detect_secrets.filters.heuristic.is_indirect_reference"
    },
    {
      "path": "detect_secrets.filters.heuristic.is_likely_id_string"
    },
    {
      "path": "detect_secrets.filters.heuristic.is_lock_file"
    },
    {
      "path": "detect_secrets.filters.heuristic.is_not_alphanumeric_string"
    },
    {
      "path": "detect_secrets.filters.heuristic.is_potential_uuid"
    },
    {
      "path": "detect_secrets.filters.heuristic.is_prefixed_with_dollar_sign"
    },
    {
      "path": "detect_secrets.filters.heuristic.is_sequential_string"
    },
    {
      "path": "detect_secrets.filters.heuristic.is_swagger_file"
    },
    {
      "path": "detect_secrets.filters.heuristic.is_templated_secret"
    },
    {
      "path": "detect_secrets.filters.regex.should_exclude_file",
      "pattern": [
        "^\\.venv/",
        "^\\.git/",
        "_cache/"
      ]
    }
  ],
  "results": {
    "roles/authentik/defaults/main.yml": [
      {
        "type": "Secret Keyword",
        "filename": "roles/authentik/defaults/main.yml",
        "hashed_secret": "8e4f943f17fe80afb4d164ce50fe8d502d25abd5",
        "is_verified": false,
        "line_number": 31
      },
      {
        "type": "Secret Keyword",
        "filename": "roles/authentik/defaults/main.yml",
        "hashed_secret": "634c1d69a4d84ab1a9d2bed0f135ef9db6a82e68",
        "is_verified": false,
        "line_number": 32
      },
      {
        "type": "Secret Keyword",
        "filename": "roles/authentik/defaults/main.yml",
        "hashed_secret": "2751e06cc26f90e6767a6632880960207b4a82f7",
        "is_verified": false,
        "line_number": 33
      },
      {
        "type": "Secret Keyword",
        "filename": "roles/authentik/defaults/main.yml",
        "hashed_secret": "26fbf956241b785efcc1be0b86987ac7f3f3077a",
        "is_verified": false,
        "line_number": 54
      },
      {
        "type": "Secret Keyword",
        "filename": "roles/authentik/defaults/main.yml",
        "hashed_secret": "235c087b6e3f727d2b8f99a03ffe69e9aa533601",
        "is_verified": false,
        "line_number": 63
      },
      {
        "type": "Secret Keyword",
        "filename": "roles/authentik/defaults/main.yml",
        "hashed_secret": "56758586cd1d23857e8e928cb5eb526c38220348",
        "is_verified": false,
        "line_number": 71
      },
      {
        "type": "Secret Keyword",
        "filename": "roles/authentik/defaults/main.yml",
        "hashed_secret": "1e8e2a2ea50bf8136c8a15da4633288750de61a8",
        "is_verified": false,
        "line_number": 80
      },
      {
        "type": "Secret Keyword",
        "filename": "roles/authentik/defaults/main.yml",
        "hashed_secret": "2d829cbe4468c244c9661b3bc0abb59f81624b4a",
        "is_verified": false,
        "line_number": 104
      },
      {
        "type": "Secret Keyword",
        "filename": "roles/authentik/defaults/main.yml",
        "hashed_secret": "a92bf5303ec38a34e6cde7a1da0d75098719a99a",
        "is_verified": false,
        "line_number": 132
      },
      {
        "type": "Secret Keyword",
        "filename": "roles/authentik/defaults/main.yml",
        "hashed_secret": "fdcbb31d84dcf66bdb08d2559bfc5bbf881b8ff4",
        "is_verified": false,
        "line_number": 149
      },
      {
        "type": "Secret Keyword",
        "filename": "roles/authentik/defaults/main.yml",
        "hashed_secret": "92e2b437a5dda35091d6a76f3b81774a80820c71",
        "is_verified": false,
        "line_number": 194
      },
      {
        "type": "Secret Keyword",
        "filename": "roles/authentik/defaults/main.yml",
        "hashed_secret": "feee3e6ed83b8953b6c53e6f582201bfc2e60f61",
        "is_verified": false,
        "line_number": 307
      },
      {
        "type": "Secret Keyword",
        "filename": "roles/authentik/defaults/main.yml",
        "hashed_secret": "46d39a991eac660d76ac318403abf04ff5e45e0b",
        "is_verified": false,
        "line_number": 309
      },
      {
        "type": "Secret Keyword",
        "filename": "roles/authentik/defaults/main.yml",
        "hashed_secret": "db58a50c03f200f92d01440f8a9c8b050b4adf75",
        "is_verified": false,
        "line_number": 316
      }
    ],
    "roles/authentik/tasks/secrets.yml": [
      {
        "type": "Secret Keyword",
        "filename": "roles/authentik/tasks/secrets.yml",
        "hashed_secret": "1082e76b14814b9d179c222c5d1a3ee413effdde",
        "is_verified": false,
        "line_number": 189
      }
    ],
    "roles/crowdsec/tasks/secrets.yml": [
      {
        "type": "Secret Keyword",
        "filename": "roles/crowdsec/tasks/secrets.yml",
        "hashed_secret": "8984aa9739b84f70fec9f9e4b44b02af72220028",
        "is_verified": false,
        "line_number": 29
      }
    ],
    "roles/gitlab/tasks/main.yml": [
      {
        "type": "Secret Keyword",
        "filename": "roles/gitlab/tasks/main.yml",
        "hashed_secret": "482b3b412b84870c4c34446b836cfc8c9cab0b21",
        "is_verified": false,
        "line_number": 333
      }
    ],
    "roles/hardening/templates/postfix-main.cf.j2": [
      {
        "type": "Secret Keyword",
        "filename": "roles/hardening/templates/postfix-main.cf.j2",
        "hashed_secret": "d4f6c601eac2a62bdf25ff67aae689dd5cb732e0",
        "is_verified": false,
        "line_number": 17
      }
    ],
    "roles/loki/defaults/main.yml": [
      {
        "type": "Secret Keyword",
        "filename": "roles/loki/defaults/main.yml",
        "hashed_secret": "906ba3ca852a07e66de3956cf006a4fc5490ea26",
        "is_verified": false,
        "line_number": 16
      }
    ],
    "roles/mailbox/tasks/present.yml": [
      {
        "type": "Secret Keyword",
        "filename": "roles/mailbox/tasks/present.yml",
        "hashed_secret": "e17020048da30058dfe82145ecba970ded9451b3",
        "is_verified": false,
        "line_number": 37
      }
    ],
    "roles/mailcow/defaults/main.yml": [
      {
        "type": "Secret Keyword",
        "filename": "roles/mailcow/defaults/main.yml",
        "hashed_secret": "a92bf5303ec38a34e6cde7a1da0d75098719a99a",
        "is_verified": false,
        "line_number": 151
      },
      {
        "type": "Secret Keyword",
        "filename": "roles/mailcow/defaults/main.yml",
        "hashed_secret": "dba5fd1360f39a2c646c6e085f9350f4f4842337",
        "is_verified": false,
        "line_number": 198
      }
    ],
    "roles/netbird/defaults/main.yml": [
      {
        "type": "Secret Keyword",
        "filename": "roles/netbird/defaults/main.yml",
        "hashed_secret": "2d829cbe4468c244c9661b3bc0abb59f81624b4a",
        "is_verified": false,
        "line_number": 57
      },
      {
        "type": "Secret Keyword",
        "filename": "roles/netbird/defaults/main.yml",
        "hashed_secret": "653eaf903febf56b6ec97565f1e06948e151b959",
        "is_verified": false,
        "line_number": 109
      },
      {
        "type": "Secret Keyword",
        "filename": "roles/netbird/defaults/main.yml",
        "hashed_secret": "54752a866e82cd5eef8dbaa48626ca5c544d7daf",
        "is_verified": false,
        "line_number": 116
      }
    ],
    "roles/netbird/templates/management.json.j2": [
      {
        "type": "Secret Keyword",
        "filename": "roles/netbird/templates/management.json.j2",
        "hashed_secret": "e5e9fa1ba31ecd1ae84f75caaa474f3a663f05f4",
        "is_verified": false,
        "line_number": 26
      }
    ],
    "roles/pbs/defaults/main.yml": [
      {
        "type": "Secret Keyword",
        "filename": "roles/pbs/defaults/main.yml",
        "hashed_secret": "00912d49f2fb8a9e9799b218afd4ca6ce8509a6c",
        "is_verified": false,
        "line_number": 26
      },
      {
        "type": "Secret Keyword",
        "filename": "roles/pbs/defaults/main.yml",
        "hashed_secret": "fdcbb31d84dcf66bdb08d2559bfc5bbf881b8ff4",
        "is_verified": false,
        "line_number": 40
      }
    ],
    "roles/pgadmin/defaults/main.yml": [
      {
        "type": "Secret Keyword",
        "filename": "roles/pgadmin/defaults/main.yml",
        "hashed_secret": "97304dafea3ee35eb00859186667b49c8327ac40",
        "is_verified": false,
        "line_number": 20
      },
      {
        "type": "Secret Keyword",
        "filename": "roles/pgadmin/defaults/main.yml",
        "hashed_secret": "235c087b6e3f727d2b8f99a03ffe69e9aa533601",
        "is_verified": false,
        "line_number": 28
      }
    ],
    "roles/pgadmin/tasks/secrets.yml": [
      {
        "type": "Secret Keyword",
        "filename": "roles/pgadmin/tasks/secrets.yml",
        "hashed_secret": "b2c9b4a7fc77c8aa3666dc0383db4b7d77b82230",
        "is_verified": false,
        "line_number": 27
      },
      {
        "type": "Secret Keyword",
        "filename": "roles/pgadmin/tasks/secrets.yml",
        "hashed_secret": "97cdbdc7feff827efb082a6b6dd2727237cd49fd",
        "is_verified": false,
        "line_number": 62
      }
    ],
    "roles/postgres_db/defaults/main.yml": [
      {
        "type": "Secret Keyword",
        "filename": "roles/postgres_db/defaults/main.yml",
        "hashed_secret": "acd4f86c8761c3870c65e9732ff06f6461a49c21",
        "is_verified": false,
        "line_number": 28
      }
    ],
    "roles/postgres_db/tasks/main.yml": [
      {
        "type": "Secret Keyword",
        "filename": "roles/postgres_db/tasks/main.yml",
        "hashed_secret": "ebde5031ae3a6255be668bb242e1f156e1e11dda",
        "is_verified": false,
        "line_number": 56
      }
    ],
    "roles/postgresql/defaults/main.yml": [
      {
        "type": "Secret Keyword",
        "filename": "roles/postgresql/defaults/main.yml",
        "hashed_secret": "da8eca05783270072523970b54785f281e568b2e",
        "is_verified": false,
        "line_number": 69
      }
    ],
    "roles/postgresql/tasks/secrets.yml": [
      {
        "type": "Secret Keyword",
        "filename": "roles/postgresql/tasks/secrets.yml",
        "hashed_secret": "fb49874bf387e5f2d4bb116f0a5984ed7cdc089d",
        "is_verified": false,
        "line_number": 26
      }
    ],
    "roles/redis/defaults/main.yml": [
      {
        "type": "Secret Keyword",
        "filename": "roles/redis/defaults/main.yml",
        "hashed_secret": "2751e06cc26f90e6767a6632880960207b4a82f7",
        "is_verified": false,
        "line_number": 36
      }
    ],
    "roles/redis/tasks/secrets.yml": [
      {
        "type": "Secret Keyword",
        "filename": "roles/redis/tasks/secrets.yml",
        "hashed_secret": "f4ffc77fc881059c0b693f5222bfb8e177cafd63",
        "is_verified": false,
        "line_number": 27
      }
    ],
    "roles/seaweedfs/defaults/main.yml": [
      {
        "type": "Secret Keyword",
        "filename": "roles/seaweedfs/defaults/main.yml",
        "hashed_secret": "6e71cc7c64f05b13dde04ae4d6fdd54ff4dcd320",
        "is_verified": false,
        "line_number": 54
      },
      {
        "type": "Secret Keyword",
        "filename": "roles/seaweedfs/defaults/main.yml",
        "hashed_secret": "b6597cb6f9d8cd8b73011e56c5a79c818d999d5d",
        "is_verified": false,
        "line_number": 67
      }
    ],
    "roles/vault/defaults/main.yml": [
      {
        "type": "Secret Keyword",
        "filename": "roles/vault/defaults/main.yml",
        "hashed_secret": "9f0d0e21e990495807362a7deb8bfa3c674efe23",
        "is_verified": false,
        "line_number": 30
      },
      {
        "type": "Secret Keyword",
        "filename": "roles/vault/defaults/main.yml",
        "hashed_secret": "26fbf956241b785efcc1be0b86987ac7f3f3077a",
        "is_verified": false,
        "line_number": 37
      }
    ]
  },
  "generated_at": "2026-09-26T20:14:09Z"
}
