{
  "version": "1.5.0",
  "plugins_used": [
    {
      "name": "ArtifactoryDetector"
    },
    {
      "name": "AWSKeyDetector"
    },
    {
      "name": "AzureStorageKeyDetector"
    },
    {
      "name": "Base64HighEntropyString",
      "limit": 4.5
    },
    {
      "name": "BasicAuthDetector"
    },
    {
      "name": "CloudantDetector"
    },
    {
      "name": "DiscordBotTokenDetector"
    },
    {
      "name": "GitHubTokenDetector"
    },
    {
      "name": "GitLabTokenDetector"
    },
    {
      "name": "HexHighEntropyString",
      "limit": 3.0
    },
    {
      "name": "IbmCloudIamDetector"
    },
    {
      "name": "IbmCosHmacDetector"
    },
    {
      "name": "IPPublicDetector"
    },
    {
      "name": "JwtTokenDetector"
    },
    {
      "name": "KeywordDetector",
      "keyword_exclude": ""
    },
    {
      "name": "MailchimpDetector"
    },
    {
      "name": "NpmDetector"
    },
    {
      "name": "OpenAIDetector"
    },
    {
      "name": "PrivateKeyDetector"
    },
    {
      "name": "PypiTokenDetector"
    },
    {
      "name": "SendGridDetector"
    },
    {
      "name": "SlackDetector"
    },
    {
      "name": "SoftlayerDetector"
    },
    {
      "name": "SquareOAuthDetector"
    },
    {
      "name": "StripeDetector"
    },
    {
      "name": "TelegramBotTokenDetector"
    },
    {
      "name": "TwilioKeyDetector"
    }
  ],
  "filters_used": [
    {
      "path": "detect_secrets.filters.allowlist.is_line_allowlisted"
    },
    {
      "path": "detect_secrets.filters.common.is_baseline_file",
      "filename": ".secrets.baseline"
    },
    {
      "path": "detect_secrets.filters.common.is_ignored_due_to_verification_policies",
      "min_level": 2
    },
    {
      "path": "detect_secrets.filters.heuristic.is_indirect_reference"
    },
    {
      "path": "detect_secrets.filters.heuristic.is_likely_id_string"
    },
    {
      "path": "detect_secrets.filters.heuristic.is_lock_file"
    },
    {
      "path": "detect_secrets.filters.heuristic.is_not_alphanumeric_string"
    },
    {
      "path": "detect_secrets.filters.heuristic.is_potential_uuid"
    },
    {
      "path": "detect_secrets.filters.heuristic.is_prefixed_with_dollar_sign"
    },
    {
      "path": "detect_secrets.filters.heuristic.is_sequential_string"
    },
    {
      "path": "detect_secrets.filters.heuristic.is_swagger_file"
    },
    {
      "path": "detect_secrets.filters.heuristic.is_templated_secret"
    },
    {
      "path": "detect_secrets.filters.regex.should_exclude_file",
      "pattern": [
        "^\\.venv/",
        "^\\.git/",
        "_cache/"
      ]
    }
  ],
  "results": {
    "roles/authentik/tasks/secrets.yml": [
      {
        "type": "Secret Keyword",
        "filename": "roles/authentik/tasks/secrets.yml",
        "hashed_secret": "1082e76b14814b9d179c222c5d1a3ee413effdde",
        "is_verified": false,
        "line_number": 119
      }
    ],
    "roles/hardening/templates/postfix-main.cf.j2": [
      {
        "type": "Secret Keyword",
        "filename": "roles/hardening/templates/postfix-main.cf.j2",
        "hashed_secret": "d4f6c601eac2a62bdf25ff67aae689dd5cb732e0",
        "is_verified": false,
        "line_number": 17
      }
    ],
    "roles/mailbox/tasks/present.yml": [
      {
        "type": "Secret Keyword",
        "filename": "roles/mailbox/tasks/present.yml",
        "hashed_secret": "e17020048da30058dfe82145ecba970ded9451b3",
        "is_verified": false,
        "line_number": 37
      }
    ],
    "roles/netbird/templates/management.json.j2": [
      {
        "type": "Secret Keyword",
        "filename": "roles/netbird/templates/management.json.j2",
        "hashed_secret": "e5e9fa1ba31ecd1ae84f75caaa474f3a663f05f4",
        "is_verified": false,
        "line_number": 26
      }
    ],
    "roles/vault/defaults/main.yml": [
      {
        "type": "Secret Keyword",
        "filename": "roles/vault/defaults/main.yml",
        "hashed_secret": "9f0d0e21e990495807362a7deb8bfa3c674efe23",
        "is_verified": false,
        "line_number": 30
      },
      {
        "type": "Secret Keyword",
        "filename": "roles/vault/defaults/main.yml",
        "hashed_secret": "26fbf956241b785efcc1be0b86987ac7f3f3077a",
        "is_verified": false,
        "line_number": 37
      }
    ]
  },
  "generated_at": "2026-10-04T03:06:36Z"
}
